(oci-cli) mylearn@coogee:~$ ssh opc@130.61.221.114
The authenticity of host '130.61.221.114 (130.61.221.114)' can't be established.
ED25519 key fingerprint is SHA256:lw1XBuimHse5hor7OllQTEKISFLh7mUUfdoXUT9Jydo.
This key is not known by any other names.
Are you sure you want to continue connecting (yes/no/[fingerprint])? yes
Warning: Permanently added '130.61.221.114' (ED25519) to the list of known hosts.
Activate the web console with: systemctl enable --now cockpit.socket

[opc@fra-aa-lab12-1-vm-01 ~]$ lsblk
NAME               MAJ:MIN RM  SIZE RO TYPE MOUNTPOINT
sda                  8:0    0 46.6G  0 disk 
├─sda1               8:1    0  100M  0 part /boot/efi
├─sda2               8:2    0    1G  0 part /boot
└─sda3               8:3    0 45.5G  0 part 
  ├─ocivolume-root 252:0    0 35.5G  0 lvm  /
  └─ocivolume-oled 252:1    0   10G  0 lvm  /var/oled
# ======================================================
[opc@fra-aa-lab12-1-vm-01 ~]$ lsblk
NAME               MAJ:MIN RM  SIZE RO TYPE MOUNTPOINT
sda                  8:0    0 46.6G  0 disk 
├─sda1               8:1    0  100M  0 part /boot/efi
├─sda2               8:2    0    1G  0 part /boot
└─sda3               8:3    0 45.5G  0 part 
  ├─ocivolume-root 252:0    0 35.5G  0 lvm  /
  └─ocivolume-oled 252:1    0   10G  0 lvm  /var/oled
sdb                  8:16   0  512G  0 disk 
[opc@fra-aa-lab12-1-vm-01 ~]$ ll /dev/oracleoci/oraclevd*
lrwxrwxrwx. 1 root root 6 Sep 12 16:24 /dev/oracleoci/oraclevda -> ../sda
lrwxrwxrwx. 1 root root 7 Sep 12 16:24 /dev/oracleoci/oraclevda1 -> ../sda1
lrwxrwxrwx. 1 root root 7 Sep 12 16:24 /dev/oracleoci/oraclevda2 -> ../sda2
lrwxrwxrwx. 1 root root 7 Sep 12 16:24 /dev/oracleoci/oraclevda3 -> ../sda3
lrwxrwxrwx. 1 root root 6 Sep 12 16:55 /dev/oracleoci/oraclevdb -> ../sdb
[opc@fra-aa-lab12-1-vm-01 ~]$ sudo fdisk /dev/oracleoci/oraclevdb

Welcome to fdisk (util-linux 2.32.1).
Changes will remain in memory only, until you decide to write them.
Be careful before using the write command.

Device does not contain a recognized partition table.
Created a new DOS disklabel with disk identifier 0xe1ba48b0.

Command (m for help): n
Partition type
   p   primary (0 primary, 0 extended, 4 free)
   e   extended (container for logical partitions)
Select (default p): p
Partition number (1-4, default 1): 
First sector (2048-1073741823, default 2048): 
Last sector, +sectors or +size{K,M,G,T,P} (2048-1073741823, default 1073741823): 

Created a new partition 1 of type 'Linux' and of size 512 GiB.

Command (m for help): w
The partition table has been altered.
Calling ioctl() to re-read partition table.
Syncing disks.

[opc@fra-aa-lab12-1-vm-01 ~]$ sudo mkfs -t ext4 /dev/oracleoci/oraclevdb1
mke2fs 1.46.2 (28-Feb-2021)
Discarding device blocks: done                            
Creating filesystem with 134217472 4k blocks and 33554432 inodes
Filesystem UUID: 3dfb9ae8-b5e8-447d-8f6a-b6bfd9a326d5
Superblock backups stored on blocks: 
	32768, 98304, 163840, 229376, 294912, 819200, 884736, 1605632, 2654208, 
	4096000, 7962624, 11239424, 20480000, 23887872, 71663616, 78675968, 
	102400000

Allocating group tables: done                            
Writing inode tables: done                            
Creating journal (262144 blocks): done
Writing superblocks and filesystem accounting information: done     

[opc@fra-aa-lab12-1-vm-01 ~]$ sudo mkdir -p /mnt/volume1
[opc@fra-aa-lab12-1-vm-01 ~]$ sudo mount /dev/oracleoci/oraclevdb1 /mnt/volume1
[opc@fra-aa-lab12-1-vm-01 ~]$ lsblk
NAME               MAJ:MIN RM  SIZE RO TYPE MOUNTPOINT
sda                  8:0    0 46.6G  0 disk 
├─sda1               8:1    0  100M  0 part /boot/efi
├─sda2               8:2    0    1G  0 part /boot
└─sda3               8:3    0 45.5G  0 part 
  ├─ocivolume-root 252:0    0 35.5G  0 lvm  /
  └─ocivolume-oled 252:1    0   10G  0 lvm  /var/oled
sdb                  8:16   0  512G  0 disk 
└─sdb1               8:17   0  512G  0 part /mnt/volume1
[opc@fra-aa-lab12-1-vm-01 ~]$ 
